// Jest Snapshot v1, https://goo.gl/fbAQLP

exports[`Storyshots Select complete version 1`] = `
<div>
  <div
    style={
      Object {
        "position": "relative",
        "zIndex": 0,
      }
    }
  >
    <div
      className="select-wrapper"
      onClick={[Function]}
    >
      <span
        className="select-main-user"
      >
        Chuck Norris
      </span>
      <ul
        className="select-list"
      >
        <li
          className="select-list-item"
          onClick={[Function]}
        >
          User 01
        </li>
        <li
          className="select-list-item"
          onClick={[Function]}
        >
          User 02
        </li>
        <li
          className="select-list-item"
          onClick={[Function]}
        >
          User 03
        </li>
      </ul>
    </div>
  </div>
  <button
    onClick={[Function]}
    style={
      Object {
        "background": "#28c",
        "border": "none",
        "borderRadius": "0 0 0 5px",
        "color": "#fff",
        "cursor": "pointer",
        "display": "block",
        "fontFamily": "sans-serif",
        "fontSize": "12px",
        "padding": "5px 15px",
        "position": "fixed",
        "right": 0,
        "top": 0,
      }
    }
    type="button"
  >
    Show Info
  </button>
  <div
    style={
      Object {
        "background": "white",
        "bottom": 0,
        "display": "none",
        "left": 0,
        "overflow": "auto",
        "padding": "0 40px",
        "position": "fixed",
        "right": 0,
        "top": 0,
        "zIndex": 99999,
      }
    }
  >
    <button
      onClick={[Function]}
      style={
        Object {
          "background": "#28c",
          "border": "none",
          "borderRadius": "0 0 0 5px",
          "color": "#fff",
          "cursor": "pointer",
          "display": "block",
          "fontFamily": "sans-serif",
          "fontSize": "12px",
          "padding": "5px 15px",
          "position": "fixed",
          "right": 0,
          "top": 0,
        }
      }
      type="button"
    >
      ×
    </button>
    <div
      style={undefined}
    >
      <div
        style={
          Object {
            "infoBody": Object {
              "padding": "10px",
            },
          }
        }
      >
        <div
          style={
            Object {
              "borderBottom": "1px solid #eee",
              "marginBottom": 10,
              "paddingTop": 10,
            }
          }
        >
          <h1
            style={
              Object {
                "fontSize": "35px",
                "margin": 0,
                "padding": 0,
              }
            }
          >
            Select
          </h1>
          <h2
            style={
              Object {
                "fontSize": "22px",
                "fontWeight": 400,
                "margin": "0 0 10px 0",
                "padding": 0,
              }
            }
          >
            complete version
          </h2>
        </div>
        
        <div>
          <h1
            style={
              Object {
                "borderBottom": "1px solid #EEE",
                "fontSize": "25px",
                "margin": "20px 0 0 0",
                "padding": "0 0 5px 0",
              }
            }
          >
            Story Source
          </h1>
          <pre
            className="css-4akams"
          >
            <div>
              <div
                style={
                  Object {
                    "paddingLeft": 18,
                    "paddingRight": 3,
                  }
                }
              >
                <span
                  style={
                    Object {
                      "color": "#777",
                    }
                  }
                >
                  &lt;
                  Select
                </span>
                <span>
                  <span>
                    <span>
                      <br />
                        
                    </span>
                    <span
                      style={Object {}}
                    >
                      mainUser
                    </span>
                    <span>
                      =
                      <span
                        style={Object {}}
                      >
                        <span
                          style={
                            Object {
                              "color": "#22a",
                              "wordBreak": "break-word",
                            }
                          }
                        >
                          "
                          Chuck Norris
                          "
                        </span>
                      </span>
                    </span>
                  </span>
                  <span>
                    <span>
                      <br />
                        
                    </span>
                    <span
                      style={Object {}}
                    >
                      usersList
                    </span>
                    <span>
                      =
                      <span
                        style={Object {}}
                      >
                        <span>
                          {
                          <span
                            style={
                              Object {
                                "color": "#666",
                              }
                            }
                          >
                            [
                            <span>
                              {
                              <span
                                style={
                                  Object {
                                    "color": "#666",
                                  }
                                }
                              >
                                {
                                <span
                                  style={
                                    Object {
                                      "color": "#666",
                                    }
                                  }
                                >
                                  id
                                </span>
                                : 
                                <span>
                                  {
                                  <span
                                    style={
                                      Object {
                                        "color": "#a11",
                                      }
                                    }
                                  >
                                    1
                                  </span>
                                  }
                                </span>
                                , 
                                <span
                                  style={
                                    Object {
                                      "color": "#666",
                                    }
                                  }
                                >
                                  name
                                </span>
                                : 
                                <span
                                  style={
                                    Object {
                                      "color": "#22a",
                                      "wordBreak": "break-word",
                                    }
                                  }
                                >
                                  "
                                  User 01
                                  "
                                </span>
                                }
                              </span>
                              }
                            </span>
                            , 
                            <span>
                              {
                              <span
                                style={
                                  Object {
                                    "color": "#666",
                                  }
                                }
                              >
                                {
                                <span
                                  style={
                                    Object {
                                      "color": "#666",
                                    }
                                  }
                                >
                                  id
                                </span>
                                : 
                                <span>
                                  {
                                  <span
                                    style={
                                      Object {
                                        "color": "#a11",
                                      }
                                    }
                                  >
                                    2
                                  </span>
                                  }
                                </span>
                                , 
                                <span
                                  style={
                                    Object {
                                      "color": "#666",
                                    }
                                  }
                                >
                                  name
                                </span>
                                : 
                                <span
                                  style={
                                    Object {
                                      "color": "#22a",
                                      "wordBreak": "break-word",
                                    }
                                  }
                                >
                                  "
                                  User 02
                                  "
                                </span>
                                }
                              </span>
                              }
                            </span>
                            , 
                            <span>
                              {
                              <span
                                style={
                                  Object {
                                    "color": "#666",
                                  }
                                }
                              >
                                {
                                <span
                                  style={
                                    Object {
                                      "color": "#666",
                                    }
                                  }
                                >
                                  id
                                </span>
                                : 
                                <span>
                                  {
                                  <span
                                    style={
                                      Object {
                                        "color": "#a11",
                                      }
                                    }
                                  >
                                    3
                                  </span>
                                  }
                                </span>
                                , 
                                <span
                                  style={
                                    Object {
                                      "color": "#666",
                                    }
                                  }
                                >
                                  name
                                </span>
                                : 
                                <span
                                  style={
                                    Object {
                                      "color": "#22a",
                                      "wordBreak": "break-word",
                                    }
                                  }
                                >
                                  "
                                  User 03
                                  "
                                </span>
                                }
                              </span>
                              }
                            </span>
                            ]
                          </span>
                          }
                        </span>
                      </span>
                    </span>
                  </span>
                  <span>
                    <span>
                      <br />
                        
                    </span>
                    <span
                      style={Object {}}
                    >
                      handleClickUser
                    </span>
                    <span>
                      =
                      <span
                        style={Object {}}
                      >
                        <span>
                          {
                          <span
                            style={
                              Object {
                                "color": "#170",
                              }
                            }
                          >
                            handleClickUser()
                          </span>
                          }
                        </span>
                      </span>
                    </span>
                    <br />
                  </span>
                </span>
                <span
                  style={
                    Object {
                      "color": "#777",
                    }
                  }
                >
                  /&gt;
                </span>
              </div>
            </div>
            <button
              className="css-gydez8"
              onClick={[Function]}
            >
              <div
                className="css-kv47nt"
              >
                <div
                  style={
                    Object {
                      "marginBottom": 6,
                    }
                  }
                >
                  Copied!
                </div>
                <div>
                  Copy
                </div>
              </div>
            </button>
          </pre>
        </div>
        <div>
          <h1
            style={
              Object {
                "borderBottom": "1px solid #EEE",
                "fontSize": "25px",
                "margin": "20px 0 0 0",
                "padding": "0 0 5px 0",
              }
            }
          >
            Prop Types
          </h1>
          <div>
            <h2
              style={
                Object {
                  "margin": "20px 0 0 0",
                }
              }
            >
              "
              Select
              " Component
            </h2>
            <table
              className="css-1ytzlk7"
            >
              <thead>
                <tr>
                  <th
                    className="css-d52hbj"
                  >
                    property
                  </th>
                  <th
                    className="css-d52hbj"
                  >
                    propType
                  </th>
                  <th
                    className="css-d52hbj"
                  >
                    required
                  </th>
                  <th
                    className="css-d52hbj"
                  >
                    default
                  </th>
                  <th
                    className="css-d52hbj"
                  >
                    description
                  </th>
                </tr>
              </thead>
              <tbody>
                <tr>
                  <td
                    className="css-1ygfcef"
                  >
                    mainUser
                  </td>
                  <td
                    className="css-1ygfcef"
                  >
                    <span />
                  </td>
                  <td
                    className="css-d52hbj"
                  >
                    yes
                  </td>
                  <td
                    className="css-d52hbj"
                  >
                    <span
                      style={
                        Object {
                          "color": "#22a",
                          "wordBreak": "break-word",
                        }
                      }
                    >
                      "
                      
                      "
                    </span>
                  </td>
                  <td
                    className="css-d52hbj"
                  />
                </tr>
                <tr>
                  <td
                    className="css-1ygfcef"
                  >
                    usersList
                  </td>
                  <td
                    className="css-1ygfcef"
                  >
                    <span />
                  </td>
                  <td
                    className="css-d52hbj"
                  >
                    yes
                  </td>
                  <td
                    className="css-d52hbj"
                  >
                    <span>
                      {
                      <span
                        style={
                          Object {
                            "color": "#666",
                          }
                        }
                      >
                        [
                        ]
                      </span>
                      }
                    </span>
                  </td>
                  <td
                    className="css-d52hbj"
                  />
                </tr>
                <tr>
                  <td
                    className="css-1ygfcef"
                  >
                    handleClickUser
                  </td>
                  <td
                    className="css-1ygfcef"
                  >
                    <span />
                  </td>
                  <td
                    className="css-d52hbj"
                  >
                    -
                  </td>
                  <td
                    className="css-d52hbj"
                  >
                    <span>
                      {
                      <span
                        style={
                          Object {
                            "color": "#777",
                          }
                        }
                      >
                        null
                      </span>
                      }
                    </span>
                  </td>
                  <td
                    className="css-d52hbj"
                  />
                </tr>
              </tbody>
            </table>
          </div>
        </div>
      </div>
    </div>
  </div>
</div>
`;
